[2025-05-10 02:13:21,356] 15 root - INFO - Initiate the data ingestion
[2025-05-10 02:13:21,356] 89 root - INFO - Starting data ingestion...
[2025-05-10 02:13:21,356] 29 root - INFO - Connecting to MongoDB: mongodb+srv://jaisrajputdev:wbr7iDKXF6BDwWL9@mlcluster.fjicrsx.mongodb.net/?retryWrites=true&w=majority&appName=MLcluster
[2025-05-10 02:13:26,956] 37 root - INFO - Connected to MongoDB. Accessing database: NETSEC
[2025-05-10 02:14:51,604] 46 root - INFO - DataFrame created with shape: (88647, 112)
[2025-05-10 02:14:51,657] 98 root - INFO - DataFrame shape: (88647, 112)
[2025-05-10 02:14:51,658] 99 root - INFO - Exporting data to feature store...
[2025-05-10 02:14:56,209] 108 root - INFO - Splitting data into train and test sets...
[2025-05-10 02:14:56,272] 72 root - INFO - Performed Split
[2025-05-10 02:14:56,272] 73 root - INFO - Excited the fn of split
[2025-05-10 02:14:56,272] 76 root - INFO - Exporting
[2025-05-10 02:15:01,153] 83 root - INFO - Exported train and test file path
[2025-05-10 02:15:01,165] 115 root - INFO - Data ingestion completed. Artifact: DataIngestionArtifact(trained_file_path='Artifacts\\05 10 2025 02 13 19\\data_ingestion\\ingested\\train.csv', test_file_path='Artifacts\\05 10 2025 02 13 19\\data_ingestion\\ingested\\test.csv')
[2025-05-10 02:15:01,169] 17 root - INFO - Loading schema from: data_schema\schema.yaml
[2025-05-10 02:15:01,187] 19 root - INFO - Schema loaded successfully. Config: {'columns': [{'qty_dot_url': 'float'}, {'qty_hyphen_url': 'float'}, {'qty_underline_url': 'float'}, {'qty_slash_url': 'float'}, {'qty_questionmark_url': 'float'}, {'qty_equal_url': 'float'}, {'qty_at_url': 'float'}, {'qty_and_url': 'float'}, {'qty_exclamation_url': 'float'}, {'qty_space_url': 'float'}, {'qty_tilde_url': 'float'}, {'qty_comma_url': 'float'}, {'qty_plus_url': 'float'}, {'qty_asterisk_url': 'float'}, {'qty_hashtag_url': 'float'}, {'qty_dollar_url': 'float'}, {'qty_percent_url': 'float'}, {'qty_tld_url': 'float'}, {'length_url': 'float'}, {'qty_dot_domain': 'float'}, {'qty_hyphen_domain': 'float'}, {'qty_underline_domain': 'float'}, {'qty_slash_domain': 'float'}, {'qty_questionmark_domain': 'float'}, {'qty_equal_domain': 'float'}, {'qty_at_domain': 'float'}, {'qty_and_domain': 'float'}, {'qty_exclamation_domain': 'float'}, {'qty_space_domain': 'float'}, {'qty_tilde_domain': 'float'}, {'qty_comma_domain': 'float'}, {'qty_plus_domain': 'float'}, {'qty_asterisk_domain': 'float'}, {'qty_hashtag_domain': 'float'}, {'qty_dollar_domain': 'float'}, {'qty_percent_domain': 'float'}, {'qty_vowels_domain': 'float'}, {'domain_length': 'float'}, {'domain_in_ip': 'float'}, {'server_client_domain': 'float'}, {'qty_dot_directory': 'float'}, {'qty_hyphen_directory': 'float'}, {'qty_underline_directory': 'float'}, {'qty_slash_directory': 'float'}, {'qty_questionmark_directory': 'float'}, {'qty_equal_directory': 'float'}, {'qty_at_directory': 'float'}, {'qty_and_directory': 'float'}, {'qty_exclamation_directory': 'float'}, {'qty_space_directory': 'float'}, {'qty_tilde_directory': 'float'}, {'qty_comma_directory': 'float'}, {'qty_plus_directory': 'float'}, {'qty_asterisk_directory': 'float'}, {'qty_hashtag_directory': 'float'}, {'qty_dollar_directory': 'float'}, {'qty_percent_directory': 'float'}, {'directory_length': 'float'}, {'qty_dot_file': 'float'}, {'qty_hyphen_file': 'float'}, {'qty_underline_file': 'float'}, {'qty_slash_file': 'float'}, {'qty_questionmark_file': 'float'}, {'qty_equal_file': 'float'}, {'qty_at_file': 'float'}, {'qty_and_file': 'float'}, {'qty_exclamation_file': 'float'}, {'qty_space_file': 'float'}, {'qty_tilde_file': 'float'}, {'qty_comma_file': 'float'}, {'qty_plus_file': 'float'}, {'qty_asterisk_file': 'float'}, {'qty_hashtag_file': 'float'}, {'qty_dollar_file': 'float'}, {'qty_percent_file': 'float'}, {'file_length': 'float'}, {'qty_dot_params': 'float'}, {'qty_hyphen_params': 'float'}, {'qty_underline_params': 'float'}, {'qty_slash_params': 'float'}, {'qty_questionmark_params': 'float'}, {'qty_equal_params': 'float'}, {'qty_at_params': 'float'}, {'qty_and_params': 'float'}, {'qty_exclamation_params': 'float'}, {'qty_space_params': 'float'}, {'qty_tilde_params': 'float'}, {'qty_comma_params': 'float'}, {'qty_plus_params': 'float'}, {'qty_asterisk_params': 'float'}, {'qty_hashtag_params': 'float'}, {'qty_dollar_params': 'float'}, {'qty_percent_params': 'float'}, {'params_length': 'float'}, {'tld_present_params': 'float'}, {'qty_params': 'float'}, {'email_in_url': 'float'}, {'time_response': 'float'}, {'domain_spf': 'float'}, {'asn_ip': 'float'}, {'time_domain_activation': 'float'}, {'time_domain_expiration': 'float'}, {'qty_ip_resolved': 'float'}, {'qty_nameservers': 'float'}, {'qty_mx_servers': 'float'}, {'ttl_hostname': 'float'}, {'tls_ssl_certificate': 'float'}, {'qty_redirects': 'float'}, {'url_google_index': 'float'}, {'domain_google_index': 'float'}, {'url_shortened': 'float'}, {'phishing': 'float'}], 'numerical_columns': ['qty_dot_url', 'qty_hyphen_url', 'qty_underline_url', 'qty_slash_url', 'qty_questionmark_url', 'qty_equal_url', 'qty_at_url', 'qty_and_url', 'qty_exclamation_url', 'qty_space_url', 'qty_tilde_url', 'qty_comma_url', 'qty_plus_url', 'qty_asterisk_url', 'qty_hashtag_url', 'qty_dollar_url', 'qty_percent_url', 'qty_tld_url', 'qty_dot_domain', 'qty_hyphen_domain', 'qty_underline_domain', 'qty_slash_domain', 'qty_questionmark_domain', 'qty_equal_domain', 'qty_at_domain', 'qty_and_domain', 'qty_exclamation_domain', 'qty_space_domain', 'qty_tilde_domain', 'qty_comma_domain', 'qty_plus_domain', 'qty_asterisk_domain', 'qty_hashtag_domain', 'qty_dollar_domain', 'qty_percent_domain', 'qty_vowels_domain', 'qty_dot_directory', 'qty_hyphen_directory', 'qty_underline_directory', 'qty_slash_directory', 'qty_questionmark_directory', 'qty_equal_directory', 'qty_at_directory', 'qty_and_directory', 'qty_exclamation_directory', 'qty_space_directory', 'qty_tilde_directory', 'qty_comma_directory', 'qty_plus_directory', 'qty_asterisk_directory', 'qty_hashtag_directory', 'qty_dollar_directory', 'qty_percent_directory', 'qty_dot_file', 'qty_hyphen_file', 'qty_underline_file', 'qty_slash_file', 'qty_questionmark_file', 'qty_equal_file', 'qty_at_file', 'qty_and_file', 'qty_exclamation_file', 'qty_space_file', 'qty_tilde_file', 'qty_comma_file', 'qty_plus_file', 'qty_asterisk_file', 'qty_hashtag_file', 'qty_dollar_file', 'qty_percent_file', 'qty_dot_params', 'qty_hyphen_params', 'qty_underline_params', 'qty_slash_params', 'qty_questionmark_params', 'qty_equal_params', 'qty_at_params', 'qty_and_params', 'qty_exclamation_params', 'qty_space_params', 'qty_tilde_params', 'qty_comma_params', 'qty_plus_params', 'qty_asterisk_params', 'qty_hashtag_params', 'qty_dollar_params', 'qty_percent_params', 'qty_params', 'qty_ip_resolved', 'qty_nameservers', 'qty_mx_servers', 'qty_redirects']}
[2025-05-10 02:15:01,188] 133 root - INFO - Starting data validation
[2025-05-10 02:15:01,188] 138 root - INFO - Reading training data from Artifacts\05 10 2025 02 13 19\data_ingestion\ingested\train.csv
[2025-05-10 02:15:01,975] 141 root - INFO - Reading test data from Artifacts\05 10 2025 02 13 19\data_ingestion\ingested\test.csv
[2025-05-10 02:15:02,145] 144 root - INFO - Validating number of columns
[2025-05-10 02:15:02,145] 155 root - INFO - Checking for dataset drift
[2025-05-10 02:15:02,145] 59 root - INFO - Checking if dataset drift occurred
[2025-05-10 02:15:03,919] 122 root - INFO - Drift report saved at: Artifacts\05 10 2025 02 13 19\data_validation\drift_report\report.yaml
[2025-05-10 02:15:03,919] 123 root - INFO - Drift status: No drift detected
[2025-05-10 02:15:03,919] 158 root - INFO - Saving validated datasets
[2025-05-10 02:15:08,378] 169 root - INFO - Saved validated datasets
[2025-05-10 02:15:08,378] 188 root - INFO - Data validation artifact: DataValidationArtifact(validation_status=True, valid_train_file_path='Artifacts\\05 10 2025 02 13 19\\data_validation\\validated\\train.csv', valid_test_file_path='Artifacts\\05 10 2025 02 13 19\\data_validation\\validated\\test.csv', invalid_train_file_path=None, invalid_test_file_path=None, drift_report_file_path='Artifacts\\05 10 2025 02 13 19\\data_validation\\drift_report\\report.yaml')
[2025-05-10 02:15:08,378] 45 root - INFO - Starting data transformation
[2025-05-10 02:15:09,103] 49 root - INFO - Splitting input and target features
