[2025-05-18 10:32:44,577] 14 root - INFO - 

>>>>>> Pipeline started <<<<<<

[2025-05-18 10:32:44,578] 20 root - INFO - Starting data ingestion
[2025-05-18 10:32:44,578] 89 root - INFO - Starting data ingestion...
[2025-05-18 10:32:44,578] 29 root - INFO - Connecting to MongoDB: mongodb+srv://jaisrajputdev:wbr7iDKXF6BDwWL9@mlcluster.fjicrsx.mongodb.net/?retryWrites=true&w=majority&appName=MLcluster
[2025-05-18 10:32:50,241] 37 root - INFO - Connected to MongoDB. Accessing database: NETSEC
[2025-05-18 10:34:06,782] 46 root - INFO - DataFrame created with shape: (88647, 112)
[2025-05-18 10:34:06,823] 98 root - INFO - DataFrame shape: (88647, 112)
[2025-05-18 10:34:06,823] 99 root - INFO - Exporting data to feature store...
[2025-05-18 10:34:10,887] 108 root - INFO - Splitting data into train and test sets...
[2025-05-18 10:34:10,935] 72 root - INFO - Performed Split
[2025-05-18 10:34:10,935] 73 root - INFO - Excited the fn of split
[2025-05-18 10:34:10,935] 76 root - INFO - Exporting
[2025-05-18 10:34:15,098] 83 root - INFO - Exported train and test file path
[2025-05-18 10:34:15,101] 115 root - INFO - Data ingestion completed. Artifact: DataIngestionArtifact(trained_file_path='Artifacts\\05 18 2025 10 32 42\\data_ingestion\\ingested\\train.csv', test_file_path='Artifacts\\05 18 2025 10 32 42\\data_ingestion\\ingested\\test.csv')
[2025-05-18 10:34:15,104] 24 root - INFO - Data ingestion completed: DataIngestionArtifact(trained_file_path='Artifacts\\05 18 2025 10 32 42\\data_ingestion\\ingested\\train.csv', test_file_path='Artifacts\\05 18 2025 10 32 42\\data_ingestion\\ingested\\test.csv')
[2025-05-18 10:34:15,104] 27 root - INFO - Starting data validation
[2025-05-18 10:34:15,104] 17 root - INFO - Loading schema from: data_schema\schema.yaml
[2025-05-18 10:34:15,119] 19 root - INFO - Schema loaded successfully. Config: {'columns': [{'qty_dot_url': 'float'}, {'qty_hyphen_url': 'float'}, {'qty_underline_url': 'float'}, {'qty_slash_url': 'float'}, {'qty_questionmark_url': 'float'}, {'qty_equal_url': 'float'}, {'qty_at_url': 'float'}, {'qty_and_url': 'float'}, {'qty_exclamation_url': 'float'}, {'qty_space_url': 'float'}, {'qty_tilde_url': 'float'}, {'qty_comma_url': 'float'}, {'qty_plus_url': 'float'}, {'qty_asterisk_url': 'float'}, {'qty_hashtag_url': 'float'}, {'qty_dollar_url': 'float'}, {'qty_percent_url': 'float'}, {'qty_tld_url': 'float'}, {'length_url': 'float'}, {'qty_dot_domain': 'float'}, {'qty_hyphen_domain': 'float'}, {'qty_underline_domain': 'float'}, {'qty_slash_domain': 'float'}, {'qty_questionmark_domain': 'float'}, {'qty_equal_domain': 'float'}, {'qty_at_domain': 'float'}, {'qty_and_domain': 'float'}, {'qty_exclamation_domain': 'float'}, {'qty_space_domain': 'float'}, {'qty_tilde_domain': 'float'}, {'qty_comma_domain': 'float'}, {'qty_plus_domain': 'float'}, {'qty_asterisk_domain': 'float'}, {'qty_hashtag_domain': 'float'}, {'qty_dollar_domain': 'float'}, {'qty_percent_domain': 'float'}, {'qty_vowels_domain': 'float'}, {'domain_length': 'float'}, {'domain_in_ip': 'float'}, {'server_client_domain': 'float'}, {'qty_dot_directory': 'float'}, {'qty_hyphen_directory': 'float'}, {'qty_underline_directory': 'float'}, {'qty_slash_directory': 'float'}, {'qty_questionmark_directory': 'float'}, {'qty_equal_directory': 'float'}, {'qty_at_directory': 'float'}, {'qty_and_directory': 'float'}, {'qty_exclamation_directory': 'float'}, {'qty_space_directory': 'float'}, {'qty_tilde_directory': 'float'}, {'qty_comma_directory': 'float'}, {'qty_plus_directory': 'float'}, {'qty_asterisk_directory': 'float'}, {'qty_hashtag_directory': 'float'}, {'qty_dollar_directory': 'float'}, {'qty_percent_directory': 'float'}, {'directory_length': 'float'}, {'qty_dot_file': 'float'}, {'qty_hyphen_file': 'float'}, {'qty_underline_file': 'float'}, {'qty_slash_file': 'float'}, {'qty_questionmark_file': 'float'}, {'qty_equal_file': 'float'}, {'qty_at_file': 'float'}, {'qty_and_file': 'float'}, {'qty_exclamation_file': 'float'}, {'qty_space_file': 'float'}, {'qty_tilde_file': 'float'}, {'qty_comma_file': 'float'}, {'qty_plus_file': 'float'}, {'qty_asterisk_file': 'float'}, {'qty_hashtag_file': 'float'}, {'qty_dollar_file': 'float'}, {'qty_percent_file': 'float'}, {'file_length': 'float'}, {'qty_dot_params': 'float'}, {'qty_hyphen_params': 'float'}, {'qty_underline_params': 'float'}, {'qty_slash_params': 'float'}, {'qty_questionmark_params': 'float'}, {'qty_equal_params': 'float'}, {'qty_at_params': 'float'}, {'qty_and_params': 'float'}, {'qty_exclamation_params': 'float'}, {'qty_space_params': 'float'}, {'qty_tilde_params': 'float'}, {'qty_comma_params': 'float'}, {'qty_plus_params': 'float'}, {'qty_asterisk_params': 'float'}, {'qty_hashtag_params': 'float'}, {'qty_dollar_params': 'float'}, {'qty_percent_params': 'float'}, {'params_length': 'float'}, {'tld_present_params': 'float'}, {'qty_params': 'float'}, {'email_in_url': 'float'}, {'time_response': 'float'}, {'domain_spf': 'float'}, {'asn_ip': 'float'}, {'time_domain_activation': 'float'}, {'time_domain_expiration': 'float'}, {'qty_ip_resolved': 'float'}, {'qty_nameservers': 'float'}, {'qty_mx_servers': 'float'}, {'ttl_hostname': 'float'}, {'tls_ssl_certificate': 'float'}, {'qty_redirects': 'float'}, {'url_google_index': 'float'}, {'domain_google_index': 'float'}, {'url_shortened': 'float'}, {'phishing': 'float'}], 'numerical_columns': ['qty_dot_url', 'qty_hyphen_url', 'qty_underline_url', 'qty_slash_url', 'qty_questionmark_url', 'qty_equal_url', 'qty_at_url', 'qty_and_url', 'qty_exclamation_url', 'qty_space_url', 'qty_tilde_url', 'qty_comma_url', 'qty_plus_url', 'qty_asterisk_url', 'qty_hashtag_url', 'qty_dollar_url', 'qty_percent_url', 'qty_tld_url', 'qty_dot_domain', 'qty_hyphen_domain', 'qty_underline_domain', 'qty_slash_domain', 'qty_questionmark_domain', 'qty_equal_domain', 'qty_at_domain', 'qty_and_domain', 'qty_exclamation_domain', 'qty_space_domain', 'qty_tilde_domain', 'qty_comma_domain', 'qty_plus_domain', 'qty_asterisk_domain', 'qty_hashtag_domain', 'qty_dollar_domain', 'qty_percent_domain', 'qty_vowels_domain', 'qty_dot_directory', 'qty_hyphen_directory', 'qty_underline_directory', 'qty_slash_directory', 'qty_questionmark_directory', 'qty_equal_directory', 'qty_at_directory', 'qty_and_directory', 'qty_exclamation_directory', 'qty_space_directory', 'qty_tilde_directory', 'qty_comma_directory', 'qty_plus_directory', 'qty_asterisk_directory', 'qty_hashtag_directory', 'qty_dollar_directory', 'qty_percent_directory', 'qty_dot_file', 'qty_hyphen_file', 'qty_underline_file', 'qty_slash_file', 'qty_questionmark_file', 'qty_equal_file', 'qty_at_file', 'qty_and_file', 'qty_exclamation_file', 'qty_space_file', 'qty_tilde_file', 'qty_comma_file', 'qty_plus_file', 'qty_asterisk_file', 'qty_hashtag_file', 'qty_dollar_file', 'qty_percent_file', 'qty_dot_params', 'qty_hyphen_params', 'qty_underline_params', 'qty_slash_params', 'qty_questionmark_params', 'qty_equal_params', 'qty_at_params', 'qty_and_params', 'qty_exclamation_params', 'qty_space_params', 'qty_tilde_params', 'qty_comma_params', 'qty_plus_params', 'qty_asterisk_params', 'qty_hashtag_params', 'qty_dollar_params', 'qty_percent_params', 'qty_params', 'qty_ip_resolved', 'qty_nameservers', 'qty_mx_servers', 'qty_redirects']}
[2025-05-18 10:34:15,119] 133 root - INFO - Starting data validation
[2025-05-18 10:34:15,119] 144 root - INFO - Reading training data from Artifacts\05 18 2025 10 32 42\data_ingestion\ingested\train.csv
[2025-05-18 10:34:15,616] 147 root - INFO - Reading test data from Artifacts\05 18 2025 10 32 42\data_ingestion\ingested\test.csv
[2025-05-18 10:34:15,779] 154 root - INFO - Validating number of columns
[2025-05-18 10:34:20,472] 167 root - INFO - Checking for dataset drift
[2025-05-18 10:34:20,472] 59 root - INFO - Checking if dataset drift occurred
[2025-05-18 10:34:20,776] 105 root - INFO - Drift detected in column: qty_dot_domain, p-value: 0.0117
[2025-05-18 10:34:21,384] 122 root - INFO - Drift report saved at: Artifacts\05 18 2025 10 32 42\data_validation\drift_report\report.yaml
[2025-05-18 10:34:21,384] 123 root - INFO - Drift status: Drift detected
[2025-05-18 10:34:21,384] 179 root - INFO - Data validation artifact: DataValidationArtifact(validation_status=False, valid_train_file_path='Artifacts\\05 18 2025 10 32 42\\data_validation\\validated\\train.csv', valid_test_file_path='Artifacts\\05 18 2025 10 32 42\\data_validation\\validated\\test.csv', invalid_train_file_path=None, invalid_test_file_path=None, drift_report_file_path='Artifacts\\05 18 2025 10 32 42\\data_validation\\drift_report\\report.yaml')
[2025-05-18 10:34:21,388] 31 root - INFO - Data validation completed: DataValidationArtifact(validation_status=False, valid_train_file_path='Artifacts\\05 18 2025 10 32 42\\data_validation\\validated\\train.csv', valid_test_file_path='Artifacts\\05 18 2025 10 32 42\\data_validation\\validated\\test.csv', invalid_train_file_path=None, invalid_test_file_path=None, drift_report_file_path='Artifacts\\05 18 2025 10 32 42\\data_validation\\drift_report\\report.yaml')
[2025-05-18 10:34:21,388] 34 root - INFO - Starting data transformation
[2025-05-18 10:34:21,388] 23 root - INFO - ==================== Data Transformation ====================
[2025-05-18 10:34:21,388] 57 root - INFO - Starting data transformation
[2025-05-18 10:34:21,388] 69 root - INFO - Loading training data from: Artifacts\05 18 2025 10 32 42\data_validation\validated\train.csv
[2025-05-18 10:34:22,016] 71 root - INFO - Loading test data from: Artifacts\05 18 2025 10 32 42\data_validation\validated\test.csv
[2025-05-18 10:34:22,170] 74 root - INFO - Splitting input and target features
[2025-05-18 10:34:22,187] 86 root - INFO - Getting preprocessor object
[2025-05-18 10:34:22,187] 89 root - INFO - Transforming input features
[2025-05-18 10:34:22,271] 94 root - INFO - Creating train and test arrays
[2025-05-18 10:34:22,286] 98 root - INFO - Saving transformed data
[2025-05-18 10:34:22,345] 57 root - INFO - Entered the save_object method of MainUtils class
[2025-05-18 10:34:22,417] 61 root - INFO - Exited the save_object method of MainUtils class
[2025-05-18 10:34:22,417] 108 root - INFO - Preparing transformation artifact
[2025-05-18 10:34:22,417] 115 root - INFO - Data transformation completed: DataTransformationArtifact(transformed_object_file_path='Artifacts\\05 18 2025 10 32 42\\data_transformation\\transformed_object\\preprocessor.pkl', transformed_train_file_path='Artifacts\\05 18 2025 10 32 42\\data_transformation\\transformed\\train.npy', transformed_test_file_path='Artifacts\\05 18 2025 10 32 42\\data_transformation\\transformed\\test.npy')
[2025-05-18 10:34:22,432] 38 root - INFO - Data transformation completed: DataTransformationArtifact(transformed_object_file_path='Artifacts\\05 18 2025 10 32 42\\data_transformation\\transformed_object\\preprocessor.pkl', transformed_train_file_path='Artifacts\\05 18 2025 10 32 42\\data_transformation\\transformed\\train.npy', transformed_test_file_path='Artifacts\\05 18 2025 10 32 42\\data_transformation\\transformed\\test.npy')
[2025-05-18 10:34:22,432] 41 root - INFO - Starting model training
[2025-05-18 10:34:22,432] 30 root - INFO - ==================== Model Trainer ====================
[2025-05-18 10:34:22,432] 120 root - INFO - Loading transformed training and testing data
[2025-05-18 10:34:22,463] 124 root - INFO - Splitting input features and target
[2025-05-18 10:34:22,463] 128 root - INFO - Training the model
[2025-05-18 10:34:22,578] 85 root - INFO - 
==================== Training LogisticRegression ====================
[2025-05-18 10:34:22,578] 105 root - INFO - Starting GridSearchCV fit
[2025-05-18 12:42:21,538] 109 root - INFO - Best parameters found: {'C': 10.0, 'max_iter': 1000, 'n_jobs': -1, 'penalty': 'l2', 'solver': 'liblinear', 'tol': 0.0001}
[2025-05-18 12:42:27,570] 132 root - INFO - 
Model: LogisticRegression performance:
[2025-05-18 12:42:27,570] 134 root - INFO - train_accuracy: 0.9331
[2025-05-18 12:42:27,570] 134 root - INFO - train_f1: 0.9046
[2025-05-18 12:42:27,570] 134 root - INFO - train_precision: 0.8946
[2025-05-18 12:42:27,570] 134 root - INFO - train_recall: 0.9148
[2025-05-18 12:42:27,570] 134 root - INFO - test_accuracy: 0.9346
[2025-05-18 12:42:27,570] 134 root - INFO - test_f1: 0.9052
[2025-05-18 12:42:27,570] 134 root - INFO - test_precision: 0.8992
[2025-05-18 12:42:27,570] 134 root - INFO - test_recall: 0.9113
[2025-05-18 12:42:27,570] 85 root - INFO - 
==================== Training RandomForestClassifier ====================
[2025-05-18 12:42:27,571] 105 root - INFO - Starting GridSearchCV fit
[2025-05-18 13:14:01,881] 109 root - INFO - Best parameters found: {'max_depth': None, 'min_samples_leaf': 1, 'min_samples_split': 2, 'n_estimators': 300, 'n_jobs': -1}
[2025-05-18 13:14:14,705] 132 root - INFO - 
Model: RandomForestClassifier performance:
[2025-05-18 13:14:14,705] 134 root - INFO - train_accuracy: 1.0000
[2025-05-18 13:14:14,705] 134 root - INFO - train_f1: 1.0000
[2025-05-18 13:14:14,705] 134 root - INFO - train_precision: 1.0000
[2025-05-18 13:14:14,705] 134 root - INFO - train_recall: 1.0000
[2025-05-18 13:14:14,705] 134 root - INFO - test_accuracy: 0.9713
[2025-05-18 13:14:14,705] 134 root - INFO - test_f1: 0.9582
[2025-05-18 13:14:14,705] 134 root - INFO - test_precision: 0.9578
[2025-05-18 13:14:14,705] 134 root - INFO - test_recall: 0.9587
[2025-05-18 13:14:14,705] 85 root - INFO - 
==================== Training DecisionTreeClassifier ====================
[2025-05-18 13:14:14,734] 105 root - INFO - Starting GridSearchCV fit
[2025-05-18 13:16:03,613] 109 root - INFO - Best parameters found: {'criterion': 'gini', 'max_depth': 15, 'min_samples_leaf': 1, 'min_samples_split': 2}
[2025-05-18 13:16:04,400] 132 root - INFO - 
Model: DecisionTreeClassifier performance:
[2025-05-18 13:16:04,400] 134 root - INFO - train_accuracy: 0.9863
[2025-05-18 13:16:04,400] 134 root - INFO - train_f1: 0.9803
[2025-05-18 13:16:04,400] 134 root - INFO - train_precision: 0.9783
[2025-05-18 13:16:04,400] 134 root - INFO - train_recall: 0.9823
[2025-05-18 13:16:04,400] 134 root - INFO - test_accuracy: 0.9583
[2025-05-18 13:16:04,400] 134 root - INFO - test_f1: 0.9391
[2025-05-18 13:16:04,400] 134 root - INFO - test_precision: 0.9388
[2025-05-18 13:16:04,400] 134 root - INFO - test_recall: 0.9395
[2025-05-18 13:16:04,400] 85 root - INFO - 
==================== Training GradientBoostingClassifier ====================
[2025-05-18 13:16:04,400] 105 root - INFO - Starting GridSearchCV fit
[2025-05-18 15:39:11,187] 109 root - INFO - Best parameters found: {'learning_rate': 0.1, 'max_depth': 7, 'n_estimators': 300, 'subsample': 0.8}
[2025-05-18 15:41:03,406] 132 root - INFO - 
Model: GradientBoostingClassifier performance:
[2025-05-18 15:41:03,406] 134 root - INFO - train_accuracy: 0.9934
[2025-05-18 15:41:03,406] 134 root - INFO - train_f1: 0.9905
[2025-05-18 15:41:03,406] 134 root - INFO - train_precision: 0.9924
[2025-05-18 15:41:03,406] 134 root - INFO - train_recall: 0.9885
[2025-05-18 15:41:03,406] 134 root - INFO - test_accuracy: 0.9745
[2025-05-18 15:41:03,406] 134 root - INFO - test_f1: 0.9628
[2025-05-18 15:41:03,406] 134 root - INFO - test_precision: 0.9639
[2025-05-18 15:41:03,406] 134 root - INFO - test_recall: 0.9617
[2025-05-18 15:41:03,406] 85 root - INFO - 
==================== Training AdaBoostClassifier ====================
[2025-05-18 15:41:03,407] 105 root - INFO - Starting GridSearchCV fit
[2025-05-18 15:44:44,527] 109 root - INFO - Best parameters found: {'algorithm': 'SAMME', 'learning_rate': 1.0, 'n_estimators': 200}
[2025-05-18 15:45:08,658] 132 root - INFO - 
Model: AdaBoostClassifier performance:
[2025-05-18 15:45:08,658] 134 root - INFO - train_accuracy: 0.9364
[2025-05-18 15:45:08,658] 134 root - INFO - train_f1: 0.9081
[2025-05-18 15:45:08,658] 134 root - INFO - train_precision: 0.9093
[2025-05-18 15:45:08,658] 134 root - INFO - train_recall: 0.9070
[2025-05-18 15:45:08,658] 134 root - INFO - test_accuracy: 0.9379
[2025-05-18 15:45:08,658] 134 root - INFO - test_f1: 0.9090
[2025-05-18 15:45:08,658] 134 root - INFO - test_precision: 0.9134
[2025-05-18 15:45:08,658] 134 root - INFO - test_recall: 0.9046
[2025-05-18 15:45:08,658] 85 root - INFO - 
==================== Training KNeighborsClassifier ====================
[2025-05-18 15:45:08,659] 105 root - INFO - Starting GridSearchCV fit
[2025-05-18 16:35:45,836] 109 root - INFO - Best parameters found: {'algorithm': 'auto', 'n_jobs': -1, 'n_neighbors': 5, 'weights': 'distance'}
[2025-05-18 16:36:17,740] 132 root - INFO - 
Model: KNeighborsClassifier performance:
[2025-05-18 16:36:17,741] 134 root - INFO - train_accuracy: 1.0000
[2025-05-18 16:36:17,741] 134 root - INFO - train_f1: 1.0000
[2025-05-18 16:36:17,741] 134 root - INFO - train_precision: 1.0000
[2025-05-18 16:36:17,741] 134 root - INFO - train_recall: 1.0000
[2025-05-18 16:36:17,741] 134 root - INFO - test_accuracy: 0.9594
[2025-05-18 16:36:17,741] 134 root - INFO - test_f1: 0.9407
[2025-05-18 16:36:17,741] 134 root - INFO - test_precision: 0.9436
[2025-05-18 16:36:17,741] 134 root - INFO - test_recall: 0.9378
[2025-05-18 16:36:18,861] 57 root - INFO - Entered the save_object method of MainUtils class
[2025-05-18 16:36:18,956] 61 root - INFO - Exited the save_object method of MainUtils class
[2025-05-18 16:36:18,957] 51 root - ERROR - Pipeline failed: Error occurred in python script name [E:\Network_sec\netsec\components\model_trainer.py] line number [129] error message [ModelTrainerArtifact.__init__() got an unexpected keyword argument 'test_metric_artifact']
